  Total 28 cookies loaded
推送成功: 🚀 Web3-Monitor 已启动!
  [BlockBeats] 新快讯: 政治板块86%胜率账户投入9000美元押注2026年国情咨文时长破百分钟
推送成功: 【BLOCKBEATS - 预测市场】政治板块86%胜率账户投入9000美元押注2026年国情咨文时长破百分钟
已保存到 Markdown: ./output/blockbeats/2026-02-24.md
  [BlockBeats] 新快讯: 「Strategy对手盘」平仓止盈BTC、ETH空单，反手建仓1200万美元BTC多单
推送成功: 【BLOCKBEATS - 链上侦探】「Strategy对手盘」平仓止盈BTC、ETH空单，反手建仓1200万美元BTC多单
已保存到 Markdown: ./output/blockbeats/2026-02-24.md
  Category: AI前沿 - https://www.techflowpost.com/zh-CN/newsletter?articleType=1005&is_hot=1
  Category: 加密股票 - https://www.techflowpost.com/zh-CN/newsletter?articleType=1004&is_hot=1
  Category: 项目动态 - https://www.techflowpost.com/zh-CN/newsletter?articleType=1003&is_hot=1
  Category: 市场观点 - https://www.techflowpost.com/zh-CN/newsletter?articleType=1002&is_hot=1
  Category: 链上数据 - https://www.techflowpost.com/zh-CN/newsletter?articleType=1001&is_hot=1
  Category: 融资动态 - https://www.techflowpost.com/zh-CN/newsletter?articleType=1000&is_hot=1
Scraping RootData...
  List: Top 100 项目
  List: 透明度评分提升榜
  List: 交易所透明度排名
  Calendar Events...
  Calendar Insight Image...
    Clicked calendar insight icon
    Clicked generate share image button
    Clicked download button
    Saved Calendar Image: ./output/rootdata/calendar_insights/未来7天加密日历洞察_2026-02-24.png
    Sending image file: ./output/rootdata/calendar_insights/未来7天加密日历洞察_2026-02-24.png
推送成功: 📅 RootData | 未来7天加密日历洞察
  Market Image...
    Clicked market download icon
    Clicked save button
    Saved Market Image: ./output/rootdata/market_summary/Market_Top_Gainers_2026-02-24.png
    Sending image file: ./output/rootdata/market_summary/Market_Top_Gainers_2026-02-24.png
推送成功: 📊 RootData | Top Gainers
Cycle completed. 2026-02-24 11:00:30.835977
  Database initialized: data.db
  Loaded BlockBeats cookies
  Loaded TechFlow cookies
  Loaded RootData cookies
Scraping BlockBeats...
  Category: 预测市场 - https://www.theblockbeats.info/newsflash?type=1
  Category: 链上侦探 - https://www.theblockbeats.info/newsflash?type=2
  Category: 融资 - https://www.theblockbeats.info/newsflash?type=3
Scraping TechFlow...
hts/未来7天加密日历洞察_2026-02-24.png
2026-02-24 11:00:15,230 - INFO - 推送成功: 📅 RootData | 未来7天加密日历洞察
2026-02-24 11:00:15,233 - INFO -   Market Image...
2026-02-24 11:00:20,079 - INFO -     Clicked market download icon
2026-02-24 11:00:30,357 - INFO -     Clicked save button
2026-02-24 11:00:30,364 - INFO -     Saved Market Image: ./output/rootdata/market_summary/Market_Top_Gainers_2026-02-24.png
2026-02-24 11:00:30,364 - INFO -     Sending image file: ./output/rootdata/market_summary/Market_Top_Gainers_2026-02-24.png
2026-02-24 11:00:30,822 - INFO - 推送成功: 📊 RootData | Top Gainers
2026-02-24 11:00:30,836 - INFO - Cycle completed. 2026-02-24 11:00:30.835977
